
--- Testing: Direct (Standard Host) ---
URL: postgresql://postgres:****@db.pntkawizkdwflaguubpq.supabase.co:5432/postgres
node : FAILED: Direct (Standard 
Host)
No linha:1 caractere:145
+ ... riable("Path","User"); node 
test-db.js > test_output.txt 
2>&1; Get-Co ...
+                            ~~~~~
~~~~~~~~~~~~~~~~~~~~~~~~~~~~~~~~~
    + CategoryInfo          : Not 
   Specified: (FAILED: Direct (S  
  tandard Host):String) [], Rem   
 oteException
    + FullyQualifiedErrorId : Nat 
   iveCommandError
 
Error: getaddrinfo ENOTFOUND db.pn
tkawizkdwflaguubpq.supabase.co

--- Testing: Direct (Pooler Host, Standard User) ---
URL: postgresql://postgres:****@aws-1-sa-east-1.pooler.supabase.com:5432/postgres
FAILED: Direct (Pooler Host, 
Standard User)
Error: Tenant or user not found

--- Testing: Pooler (6543, Pooler User) ---
URL: postgresql://postgres.pntkawizkdwflaguubpq:****@aws-1-sa-east-1.pooler.supabase.com:6543/postgres?pgbouncer=true
SUCCESS: Pooler (6543, Pooler User)
Result: { now: 2026-02-07T15:57:29.228Z }
